0 verbose cli /usr/local/bin/node /usr/local/bin/npm
1 info using npm@12.2.0
2 info using node@v24.14.0
3 warn cli npm v12.2.0 does not support Node.js v24.14.0. This version of npm supports the following node versions: `^22.22.2 || ^24.15.0 || >=26.0.0`. You can find the latest version at https://nodejs.org/.
4 silly config load:file:/usr/local/lib/node_modules/npm/npmrc
5 silly config load:file:/home/ghost/rent-my-trailer/app/.npmrc
6 silly config load:file:/home/ghost/.npmrc
7 silly config load:file:/usr/local/etc/npmrc
8 verbose title npm run build
9 verbose argv "run" "build"
10 verbose logfile logs-max:10 dir:/home/ghost/.npm/_logs/2026-10-07T21_48_56_900Z-
11 verbose logfile /home/ghost/.npm/_logs/2026-10-07T21_48_56_900Z-debug-0.log
12 silly logfile start cleaning logs, removing 1 files
13 silly logfile done cleaning log files
14 notice run app@0.0.0 build
15 notice run vite build
16 verbose cwd /home/ghost/rent-my-trailer/app
17 verbose os Linux 7.0.0-38-generic
18 verbose node v24.14.0
19 verbose npm  v12.2.0
20 verbose exit 0
21 info ok
