0 verbose cli /usr/local/bin/node /usr/local/bin/npm
1 info using npm@12.2.0
2 info using node@v24.14.0
3 warn cli npm v12.2.0 does not support Node.js v24.14.0. This version of npm supports the following node versions: `^22.22.2 || ^24.15.0 || >=26.0.0`. You can find the latest version at https://nodejs.org/.
4 silly config load:file:/usr/local/lib/node_modules/npm/npmrc
5 silly config load:file:/home/ghost/.npmrc
6 silly config load:file:/usr/local/etc/npmrc
7 verbose title npm ls
8 verbose argv "ls" "--global" "--depth" "0"
9 verbose logfile logs-max:10 dir:/home/ghost/.npm/_logs/2026-10-07T19_06_04_842Z-
10 verbose logfile /home/ghost/.npm/_logs/2026-10-07T19_06_04_842Z-debug-0.log
11 silly packumentCache heap:2348810240 maxSize:587202560 maxEntrySize:293601280
12 silly logfile start cleaning logs, removing 1 files
13 silly logfile done cleaning log files
14 verbose cwd /home/ghost
15 verbose os Linux 7.0.0-38-generic
16 verbose node v24.14.0
17 verbose npm  v12.2.0
18 verbose exit 0
19 info ok
