 Already have 0 listings
 7626 detail urls total
 7626 to fetch
 ok=250 fails=0 (250/7626)
 ok=500 fails=0 (500/7626)
 ok=750 fails=0 (750/7626)
 ok=1000 fails=0 (1000/7626)
 ok=1250 fails=0 (1250/7626)
 ok=1500 fails=0 (1500/7626)
 ok=1750 fails=0 (1750/7626)
 ok=2000 fails=0 (2000/7626)
 ok=2250 fails=0 (2250/7626)
 ok=2500 fails=0 (2500/7626)
 ok=2750 fails=0 (2750/7626)
 ok=3000 fails=0 (3000/7626)
 ok=3250 fails=0 (3250/7626)
 ok=3500 fails=0 (3500/7626)
 ok=3750 fails=0 (3750/7626)
 ok=4000 fails=0 (4000/7626)
 ok=4250 fails=0 (4250/7626)
 ok=4500 fails=0 (4500/7626)
 ok=4750 fails=0 (4750/7626)
 ok=5000 fails=0 (5000/7626)
 ok=5250 fails=0 (5250/7626)
 ok=5500 fails=0 (5500/7626)
 ok=5750 fails=0 (5750/7626)
 ok=6000 fails=0 (6000/7626)
 ok=6250 fails=0 (6250/7626)
 ok=6500 fails=2 (6502/7626)
 ok=6750 fails=2 (6752/7626)
 ok=7000 fails=2 (7002/7626)
 ok=7250 fails=2 (7252/7626)
 ok=7500 fails=2 (7502/7626)
DONE ok=7623 fails=3
5252/5431)
DONE ok=5428 fails=3
